../Core/Src/main_v2.c:102:6:HAL_UART_RxCpltCallback	16	static
../Core/Src/main_v2.c:117:6:setAxis	40	static
../Core/Src/main_v2.c:142:6:initAxis	4	static
../Core/Src/main_v2.c:175:6:HAL_TIM_OC_DelayElapsedCallback	16	static
../Core/Src/main_v2.c:186:10:map	16	static
../Core/Src/main_v2.c:201:5:main	8	static
../Core/Src/main_v2.c:250:6:SystemClock_Config	88	static
../Core/Src/main_v2.c:297:13:MX_LPUART1_UART_Init	8	static
../Core/Src/main_v2.c:344:13:MX_TIM1_Init	104	static
../Core/Src/main_v2.c:424:13:MX_GPIO_Init	48	static
../Core/Src/main_v2.c:474:6:Error_Handler	4	static,ignoring_inline_asm
