../Core/Src/main.c:77:6:HAL_GPIO_EXTI_Callback	16	static
../Core/Src/main.c:86:6:HAL_TIM_OC_DelayElapsedCallback	16	static
../Core/Src/main.c:92:6:HAL_UART_RxCpltCallback	24	static
../Core/Src/main.c:109:10:map	24	static
../Core/Src/main.c:115:6:generateSquare	24	static
../Core/Src/main.c:131:6:setAxis	16	static
../Core/Src/main.c:148:5:main	8	static
../Core/Src/main.c:194:6:SystemClock_Config	88	static
../Core/Src/main.c:241:13:MX_TIM2_Init	64	static
../Core/Src/main.c:300:13:MX_USART2_UART_Init	8	static
../Core/Src/main.c:333:13:MX_GPIO_Init	48	static
../Core/Src/main.c:387:6:Error_Handler	4	static,ignoring_inline_asm
